###############################################################################
#
# IAR ELF Linker V7.80.2.11947/W32 for ARM                02/Mar/2017  11:07:34
# Copyright 2007-2016 IAR Systems AB.
#
#    Output file  =  
#        C:\Users\Xuan
#        Thiep\Desktop\MPU6050-I2C\EWARM\MPU6050-I2C\Exe\MPU6050-I2C.out
#    Map file     =  
#        C:\Users\Xuan
#        Thiep\Desktop\MPU6050-I2C\EWARM\MPU6050-I2C\List\MPU6050-I2C.map
#    Command line =  
#        "C:\Users\Xuan Thiep\Desktop\MPU6050-I2C\EWARM\MPU6050-I2C\Obj\main.o"
#        "C:\Users\Xuan
#        Thiep\Desktop\MPU6050-I2C\EWARM\MPU6050-I2C\Obj\MPU_60X0.o"
#        "C:\Users\Xuan
#        Thiep\Desktop\MPU6050-I2C\EWARM\MPU6050-I2C\Obj\startup_stm32f072xb.o"
#        "C:\Users\Xuan
#        Thiep\Desktop\MPU6050-I2C\EWARM\MPU6050-I2C\Obj\stm32f0xx_hal.o"
#        "C:\Users\Xuan
#        Thiep\Desktop\MPU6050-I2C\EWARM\MPU6050-I2C\Obj\stm32f0xx_hal_cortex.o"
#        "C:\Users\Xuan
#        Thiep\Desktop\MPU6050-I2C\EWARM\MPU6050-I2C\Obj\stm32f0xx_hal_dma.o"
#        "C:\Users\Xuan
#        Thiep\Desktop\MPU6050-I2C\EWARM\MPU6050-I2C\Obj\stm32f0xx_hal_flash.o"
#        "C:\Users\Xuan
#        Thiep\Desktop\MPU6050-I2C\EWARM\MPU6050-I2C\Obj\stm32f0xx_hal_flash_ex.o"
#        "C:\Users\Xuan
#        Thiep\Desktop\MPU6050-I2C\EWARM\MPU6050-I2C\Obj\stm32f0xx_hal_gpio.o"
#        "C:\Users\Xuan
#        Thiep\Desktop\MPU6050-I2C\EWARM\MPU6050-I2C\Obj\stm32f0xx_hal_i2c.o"
#        "C:\Users\Xuan
#        Thiep\Desktop\MPU6050-I2C\EWARM\MPU6050-I2C\Obj\stm32f0xx_hal_i2c_ex.o"
#        "C:\Users\Xuan
#        Thiep\Desktop\MPU6050-I2C\EWARM\MPU6050-I2C\Obj\stm32f0xx_hal_msp.o"
#        "C:\Users\Xuan
#        Thiep\Desktop\MPU6050-I2C\EWARM\MPU6050-I2C\Obj\stm32f0xx_hal_pwr.o"
#        "C:\Users\Xuan
#        Thiep\Desktop\MPU6050-I2C\EWARM\MPU6050-I2C\Obj\stm32f0xx_hal_pwr_ex.o"
#        "C:\Users\Xuan
#        Thiep\Desktop\MPU6050-I2C\EWARM\MPU6050-I2C\Obj\stm32f0xx_hal_rcc.o"
#        "C:\Users\Xuan
#        Thiep\Desktop\MPU6050-I2C\EWARM\MPU6050-I2C\Obj\stm32f0xx_hal_rcc_ex.o"
#        "C:\Users\Xuan
#        Thiep\Desktop\MPU6050-I2C\EWARM\MPU6050-I2C\Obj\stm32f0xx_hal_tim.o"
#        "C:\Users\Xuan
#        Thiep\Desktop\MPU6050-I2C\EWARM\MPU6050-I2C\Obj\stm32f0xx_hal_tim_ex.o"
#        "C:\Users\Xuan
#        Thiep\Desktop\MPU6050-I2C\EWARM\MPU6050-I2C\Obj\stm32f0xx_it.o"
#        "C:\Users\Xuan
#        Thiep\Desktop\MPU6050-I2C\EWARM\MPU6050-I2C\Obj\system_stm32f0xx.o"
#        --redirect _Printf=_PrintfFull --redirect _Scanf=_ScanfFull -o
#        "C:\Users\Xuan
#        Thiep\Desktop\MPU6050-I2C\EWARM\MPU6050-I2C\Exe\MPU6050-I2C.out" --map
#        "C:\Users\Xuan
#        Thiep\Desktop\MPU6050-I2C\EWARM\MPU6050-I2C\List\MPU6050-I2C.map"
#        --config "C:\Users\Xuan
#        Thiep\Desktop\MPU6050-I2C\EWARM/stm32f072xb_flash.icf" --semihosting
#        --entry __iar_program_start --vfe
#
###############################################################################

*******************************************************************************
*** RUNTIME MODEL ATTRIBUTES
***

CppFlavor                     = *
__CPP_Language                = EC++
__SystemLibrary               = DLib
__dlib_dynamic_initialization = normal


*******************************************************************************
*** PLACEMENT SUMMARY
***

"A0":  place at 0x08000000 { ro section .intvec };
"P1":  place in [from 0x08000000 to 0x0801ffff] { ro };
"P2":  place in [from 0x20000000 to 0x20003fff] { rw, block CSTACK, block HEAP };
initialize by copy { rw };

  Section             Kind        Address    Size  Object
  -------             ----        -------    ----  ------
"A0":                                        0xc0
  .intvec             ro code  0x08000000    0xc0  startup_stm32f072xb.o [1]
                             - 0x080000c0    0xc0

"P1":                                      0x183c
  .text               ro code  0x080000c0   0x5f8  stm32f0xx_hal_rcc.o [1]
  .text               ro code  0x080006b8     0xc  stm32f0xx_hal.o [1]
  .text               ro code  0x080006c4    0x24  stm32f0xx_hal.o [1]
  .text               ro code  0x080006e8    0x34  ABImemcpy.o [5]
  .text               ro code  0x0800071c    0xae  I32DivModFast.o [5]
  .text               ro code  0x080007ca     0x2  startup_stm32f072xb.o [1]
  .text               ro code  0x080007cc    0x96  stm32f0xx_hal_cortex.o [1]
  .text               ro code  0x08000862     0x2  startup_stm32f072xb.o [1]
  .text               ro code  0x08000864     0x2  IntDivZer.o [5]
  .text               ro code  0x08000866     0x2  startup_stm32f072xb.o [1]
  .text               ro code  0x08000868   0x5e8  stm32f0xx_hal_i2c.o [1]
  .text               ro code  0x08000e50    0x88  stm32f0xx_hal_msp.o [1]
  .text               ro code  0x08000ed8   0x1c0  stm32f0xx_hal_gpio.o [1]
  .text               ro code  0x08001098   0x254  MPU_60X0.o [1]
  .text               ro code  0x080012ec    0x18  stm32f0xx_hal.o [1]
  .text               ro code  0x08001304    0x32  I32ToFlt.o [4]
  .text               ro code  0x08001336    0xaa  FltDiv.o [4]
  .text               ro code  0x080013e0   0x14a  main.o [1]
  .text               ro code  0x0800152a     0x2  startup_stm32f072xb.o [1]
  .text               ro code  0x0800152c    0x20  stm32f0xx_hal.o [1]
  .text               ro code  0x0800154c    0x50  stm32f0xx_hal_i2c_ex.o [1]
  .text               ro code  0x0800159c   0x138  stm32f0xx_hal_rcc_ex.o [1]
  .text               ro code  0x080016d4    0x70  system_stm32f0xx.o [1]
  .text               ro code  0x08001744    0x3c  zero_init3.o [5]
  .text               ro code  0x08001780    0x30  copy_init3.o [5]
  .text               ro code  0x080017b0    0x28  data_init.o [5]
  .iar.init_table     const    0x080017d8    0x28  - Linker created -
  .text               ro code  0x08001800    0x20  cmain_call_ctors.o [5]
  .text               ro code  0x08001820    0x18  cppinit.o [3]
  .text               ro code  0x08001838    0x1a  cmain.o [5]
  .text               ro code  0x08001852     0x4  low_level_init.o [3]
  .text               ro code  0x08001856     0x8  exit.o [3]
  .text               ro code  0x0800185e     0x2  startup_stm32f072xb.o [1]
  .text               ro code  0x08001860     0xa  cexit.o [5]
  .text               ro code  0x0800186a     0x2  startup_stm32f072xb.o [1]
  .text               ro code  0x0800186c    0x14  exit.o [6]
  .text               ro code  0x08001880    0x14  stm32f0xx_it.o [1]
  .text               ro code  0x08001894    0x10  stm32f0xx_hal.o [1]
  .text               ro code  0x080018a4    0x10  startup_stm32f072xb.o [1]
  .text               ro code  0x080018b4     0xc  cstartup_M.o [5]
  SHT$$PREINIT_ARRAY           0x080018c0     0x0  <Block>
  SHT$$INIT_ARRAY              0x080018c0     0x4  <Block>
    .init_array       const    0x080018c0     0x4  main.o [1]
  Initializer bytes   const    0x080018c4     0x4  <for P2-1>
  .text               ro code  0x080018c8     0x2  startup_stm32f072xb.o [1]
  .text               ro code  0x080018ca     0x2  startup_stm32f072xb.o [1]
  .text               ro code  0x080018cc     0x2  startup_stm32f072xb.o [1]
  .text               ro code  0x080018ce     0x2  startup_stm32f072xb.o [1]
  .text               ro code  0x080018d0     0x2  startup_stm32f072xb.o [1]
  .text               ro code  0x080018d2     0x2  startup_stm32f072xb.o [1]
  .text               ro code  0x080018d4     0x2  startup_stm32f072xb.o [1]
  .text               ro code  0x080018d6     0x2  startup_stm32f072xb.o [1]
  .text               ro code  0x080018d8     0x2  startup_stm32f072xb.o [1]
  .text               ro code  0x080018da     0x2  startup_stm32f072xb.o [1]
  .text               ro code  0x080018dc     0x2  startup_stm32f072xb.o [1]
  .text               ro code  0x080018de     0x2  startup_stm32f072xb.o [1]
  .text               ro code  0x080018e0     0x2  startup_stm32f072xb.o [1]
  .text               ro code  0x080018e2     0x2  startup_stm32f072xb.o [1]
  .text               ro code  0x080018e4     0x2  startup_stm32f072xb.o [1]
  .text               ro code  0x080018e6     0x2  startup_stm32f072xb.o [1]
  .text               ro code  0x080018e8     0x2  startup_stm32f072xb.o [1]
  .text               ro code  0x080018ea     0x2  startup_stm32f072xb.o [1]
  .text               ro code  0x080018ec     0x2  startup_stm32f072xb.o [1]
  .text               ro code  0x080018ee     0x2  startup_stm32f072xb.o [1]
  .text               ro code  0x080018f0     0x2  startup_stm32f072xb.o [1]
  .text               ro code  0x080018f2     0x2  startup_stm32f072xb.o [1]
  .text               ro code  0x080018f4     0x2  startup_stm32f072xb.o [1]
  .text               ro code  0x080018f6     0x2  startup_stm32f072xb.o [1]
  .text               ro code  0x080018f8     0x2  startup_stm32f072xb.o [1]
  .text               ro code  0x080018fa     0x2  startup_stm32f072xb.o [1]
  .rodata             const    0x080018fc     0x0  zero_init3.o [5]
  .rodata             const    0x080018fc     0x0  copy_init3.o [5]
                             - 0x080018fc  0x183c

"P2", part 1 of 3:                            0x4
  P2-1                         0x20000000     0x4  <Init block>
    .data             inited   0x20000000     0x4  system_stm32f0xx.o [1]
                             - 0x20000004     0x4

"P2", part 2 of 3:                          0x400
  CSTACK                       0x20000008   0x400  <Block>
    CSTACK            uninit   0x20000008   0x400  <Block tail>
                             - 0x20000408   0x400

"P2", part 3 of 3:                           0x78
  .bss                zero     0x20000408    0x74  main.o [1]
  .bss                zero     0x2000047c     0x4  stm32f0xx_hal.o [1]
                             - 0x20000480    0x78


*******************************************************************************
*** INIT TABLE
***

          Address     Size
          -------     ----
Zero (__iar_zero_init3)
    1 destination range, total size 0x78:
          0x20000408  0x78

Copy (__iar_copy_init3)
    1 source range, total size 0x4:
          0x080018c4   0x4
    1 destination range, total size 0x4:
          0x20000000   0x4

Extra (__iar_cstart_call_ctors)



*******************************************************************************
*** MODULE SUMMARY
***

    Module                  ro code  ro data  rw data
    ------                  -------  -------  -------
C:\Users\Xuan Thiep\Desktop\MPU6050-I2C\EWARM\MPU6050-I2C\Obj: [1]
    MPU_60X0.o                  596
    main.o                      330        4      116
    startup_stm32f072xb.o       272
    stm32f0xx_hal.o             120                 4
    stm32f0xx_hal_cortex.o      150
    stm32f0xx_hal_gpio.o        448
    stm32f0xx_hal_i2c.o       1 512
    stm32f0xx_hal_i2c_ex.o       80
    stm32f0xx_hal_msp.o         136
    stm32f0xx_hal_rcc.o       1 528
    stm32f0xx_hal_rcc_ex.o      312
    stm32f0xx_it.o               20
    system_stm32f0xx.o          112        4        4
    -------------------------------------------------
    Total:                    5 616        8      124

command line: [2]
    -------------------------------------------------
    Total:

dl6M_tlf.a: [3]
    cppinit.o                    24
    exit.o                        8
    low_level_init.o              4
    -------------------------------------------------
    Total:                       36

m6M_tl.a: [4]
    FltDiv.o                    170
    I32ToFlt.o                   50
    -------------------------------------------------
    Total:                      220

rt6M_tl.a: [5]
    ABImemcpy.o                  52
    I32DivModFast.o             174
    IntDivZer.o                   2
    cexit.o                      10
    cmain.o                      26
    cmain_call_ctors.o           32
    copy_init3.o                 48
    cstartup_M.o                 12
    data_init.o                  40
    zero_init3.o                 60
    -------------------------------------------------
    Total:                      456

shb_l.a: [6]
    exit.o                       20
    -------------------------------------------------
    Total:                       20

    Linker created                        40    1 024
-----------------------------------------------------
    Grand Total:              6 348       48    1 148


*******************************************************************************
*** ENTRY LIST
***

Entry                      Address   Size  Type      Object
-----                      -------   ----  ----      ------
.iar.init_table$$Base   0x080017d8          --   Gb  - Linker created -
.iar.init_table$$Limit  0x08001800          --   Gb  - Linker created -
?main                   0x08001839         Code  Gb  cmain.o [5]
AHBPrescTable           0x08001734   0x10  Data  Gb  system_stm32f0xx.o [1]
CSTACK$$Base            0x20000008          --   Gb  - Linker created -
CSTACK$$Limit           0x20000408          --   Gb  - Linker created -
HAL_Delay               0x080012ed   0x18  Code  Wk  stm32f0xx_hal.o [1]
HAL_GPIO_Init           0x08000ed9  0x196  Code  Gb  stm32f0xx_hal_gpio.o [1]
HAL_GPIO_WritePin       0x0800106f    0xc  Code  Gb  stm32f0xx_hal_gpio.o [1]
HAL_GetTick             0x080006b9    0xc  Code  Wk  stm32f0xx_hal.o [1]
HAL_I2CEx_ConfigAnalogFilter
                        0x0800154d   0x38  Code  Gb  stm32f0xx_hal_i2c_ex.o [1]
HAL_I2C_Init            0x08000869   0xa8  Code  Gb  stm32f0xx_hal_i2c.o [1]
HAL_I2C_Mem_Read        0x08000a75  0x160  Code  Gb  stm32f0xx_hal_i2c.o [1]
HAL_I2C_Mem_Write       0x0800091d  0x156  Code  Gb  stm32f0xx_hal_i2c.o [1]
HAL_I2C_MspInit         0x08000e89   0x3e  Code  Gb  stm32f0xx_hal_msp.o [1]
HAL_IncTick             0x08001895   0x10  Code  Wk  stm32f0xx_hal.o [1]
HAL_Init                0x0800152d   0x1a  Code  Gb  stm32f0xx_hal.o [1]
HAL_InitTick            0x080006c5   0x24  Code  Wk  stm32f0xx_hal.o [1]
HAL_MspInit             0x08000e51   0x38  Code  Gb  stm32f0xx_hal_msp.o [1]
HAL_NVIC_SetPriority    0x08000801    0x8  Code  Gb  stm32f0xx_hal_cortex.o [1]
HAL_RCCEx_PeriphCLKConfig
                        0x0800159d  0x11a  Code  Gb  stm32f0xx_hal_rcc_ex.o [1]
HAL_RCC_ClockConfig     0x080004a9  0x14e  Code  Gb  stm32f0xx_hal_rcc.o [1]
HAL_RCC_GetHCLKFreq     0x08000667    0x6  Code  Gb  stm32f0xx_hal_rcc.o [1]
HAL_RCC_GetSysClockFreq
                        0x080005fd   0x6a  Code  Gb  stm32f0xx_hal_rcc.o [1]
HAL_RCC_OscConfig       0x080000c1  0x3dc  Code  Gb  stm32f0xx_hal_rcc.o [1]
HAL_SYSTICK_CLKSourceConfig
                        0x08000831   0x18  Code  Gb  stm32f0xx_hal_cortex.o [1]
HAL_SYSTICK_Callback    0x08000861    0x2  Code  Wk  stm32f0xx_hal_cortex.o [1]
HAL_SYSTICK_Config      0x08000809   0x28  Code  Gb  stm32f0xx_hal_cortex.o [1]
HAL_SYSTICK_IRQHandler  0x08000859    0x8  Code  Gb  stm32f0xx_hal_cortex.o [1]
HardFault_Handler       0x08001883    0x2  Code  Gb  stm32f0xx_it.o [1]
I2C_Flush_TXDR(__I2C_HandleTypeDef *)
                        0x08000cb9   0x1c  Code  Lc  stm32f0xx_hal_i2c.o [1]
I2C_IsAcknowledgeFailed(__I2C_HandleTypeDef *, unsigned int, unsigned int)
                        0x08000dbd   0x64  Code  Lc  stm32f0xx_hal_i2c.o [1]
I2C_RequestMemoryRead(__I2C_HandleTypeDef *, unsigned short, unsigned short, unsigned short, unsigned int, unsigned int)
                        0x08000c4b   0x6e  Code  Lc  stm32f0xx_hal_i2c.o [1]
I2C_RequestMemoryWrite(__I2C_HandleTypeDef *, unsigned short, unsigned short, unsigned short, unsigned int, unsigned int)
                        0x08000bdd   0x6e  Code  Lc  stm32f0xx_hal_i2c.o [1]
I2C_TransferConfig(__I2C_HandleTypeDef *, unsigned short, unsigned char, unsigned int, unsigned int)
                        0x08000e2b   0x1e  Code  Lc  stm32f0xx_hal_i2c.o [1]
I2C_WaitOnFlagUntilTimeout(__I2C_HandleTypeDef *, unsigned int, FlagStatus, unsigned int, unsigned int)
                        0x08000cd5   0x50  Code  Lc  stm32f0xx_hal_i2c.o [1]
I2C_WaitOnSTOPFlagUntilTimeout(__I2C_HandleTypeDef *, unsigned int, unsigned int)
                        0x08000d79   0x44  Code  Lc  stm32f0xx_hal_i2c.o [1]
I2C_WaitOnTXISFlagUntilTimeout(__I2C_HandleTypeDef *, unsigned int, unsigned int)
                        0x08000d25   0x54  Code  Lc  stm32f0xx_hal_i2c.o [1]
MPU60X0::Get_Accelerometer_value(MPU60X0_Data *)
                        0x0800126f   0x5e  Code  Gb  MPU_60X0.o [1]
MPU60X0::Get_Gyroscope_value(MPU60X0_Data *)
                        0x0800120f   0x60  Code  Gb  MPU_60X0.o [1]
MPU60X0::Initialize(MPU60X0_Accelerometer_t, MPU60X0_Gyroscope_t)
                        0x080010cb  0x144  Code  Gb  MPU_60X0.o [1]
MPU60X0::MPU60X0(__I2C_HandleTypeDef *)
                        0x08001099    0xc  Code  Gb  MPU_60X0.o [1]
MPU60X0::Who_am_I()     0x080010a5   0x26  Code  Gb  MPU_60X0.o [1]
MY_MPU                  0x20000470    0xc  Data  Gb  main.o [1]
NMI_Handler             0x08001881    0x2  Code  Gb  stm32f0xx_it.o [1]
NVIC_SetPriority(IRQn_Type, unsigned int)
                        0x080007cd   0x34  Code  Lc  stm32f0xx_hal_cortex.o [1]
PendSV_Handler          0x08001887    0x2  Code  Gb  stm32f0xx_it.o [1]
Region$$Table$$Base     0x080017d8          --   Gb  - Linker created -
Region$$Table$$Limit    0x08001800          --   Gb  - Linker created -
SHT$$INIT_ARRAY$$Base   0x080018c0          --   Gb  - Linker created -
SHT$$INIT_ARRAY$$Limit  0x080018c4          --   Gb  - Linker created -
SHT$$PREINIT_ARRAY$$Base
                        0x080018c0          --   Gb  - Linker created -
SHT$$PREINIT_ARRAY$$Limit
                        0x080018c0          --   Gb  - Linker created -
SVC_Handler             0x08001885    0x2  Code  Gb  stm32f0xx_it.o [1]
SysTick_Handler         0x08001889    0xc  Code  Gb  stm32f0xx_it.o [1]
SystemClock_Config()    0x080014bd   0x6e  Code  Gb  main.o [1]
SystemCoreClock         0x20000000    0x4  Data  Gb  system_stm32f0xx.o [1]
SystemInit              0x080016d5   0x48  Code  Gb  system_stm32f0xx.o [1]
Who_am_I                0x20000408    0x1  Data  Gb  main.o [1]
__ICFEDIT_region_RAM_end__ {Abs}
                        0x20003fff         Data  Gb  command line/config [2]
__ICFEDIT_region_RAM_start__ {Abs}
                        0x20000000         Data  Gb  command line/config [2]
__aeabi_fdiv            0x08001337         Code  Gb  FltDiv.o [4]
__aeabi_i2f             0x08001305         Code  Gb  I32ToFlt.o [4]
__aeabi_idiv0           0x08000865         Code  Gb  IntDivZer.o [5]
__aeabi_memcpy4         0x080006e9         Code  Wk  ABImemcpy.o [5]
__aeabi_uidiv           0x0800071d         Code  Gb  I32DivModFast.o [5]
__aeabi_uidivmod        0x0800071d         Code  Gb  I32DivModFast.o [5]
__call_ctors            0x08001821   0x18  Code  Gb  cppinit.o [3]
__cmain                 0x08001839         Code  Gb  cmain.o [5]
__exit                  0x0800186d   0x14  Code  Gb  exit.o [6]
__iar_copy_init3        0x08001781   0x30  Code  Gb  copy_init3.o [5]
__iar_cstart_call_ctors
                        0x08001801   0x20  Code  Gb  cmain_call_ctors.o [5]
__iar_data_init3        0x080017b1   0x28  Code  Gb  data_init.o [5]
__iar_program_start     0x080018b5         Code  Gb  cstartup_M.o [5]
__iar_ui2f              0x0800131d         Code  Gb  I32ToFlt.o [4]
__iar_zero_init3        0x08001745   0x3c  Code  Gb  zero_init3.o [5]
__low_level_init        0x08001853    0x4  Code  Gb  low_level_init.o [3]
__sti__routine          0x080013e1    0xe  Code  Lc  main.o [1]
__vector_table          0x08000000         Data  Gb  startup_stm32f072xb.o [1]
_call_main              0x08001845         Code  Gb  cmain.o [5]
_exit                   0x08001861         Code  Gb  cexit.o [5]
_main                   0x0800184f         Code  Gb  cmain.o [5]
acc                     0x20000458    0xc  Data  Gb  main.o [1]
exit                    0x08001857    0x8  Code  Gb  exit.o [3]
gyro                    0x20000464    0xc  Data  Gb  main.o [1]
hi2c1                   0x2000040c   0x4c  Data  Gb  main.o [1]
main                    0x080013ef   0xb8  Code  Gb  main.o [1]
uwTick                  0x2000047c    0x4  Data  Gb  stm32f0xx_hal.o [1]


[1] = C:\Users\Xuan Thiep\Desktop\MPU6050-I2C\EWARM\MPU6050-I2C\Obj
[2] = command line
[3] = dl6M_tlf.a
[4] = m6M_tl.a
[5] = rt6M_tl.a
[6] = shb_l.a

  6 348 bytes of readonly  code memory
     48 bytes of readonly  data memory
  1 148 bytes of readwrite data memory

Errors: none
Warnings: none
